// Jest Snapshot v1, https://goo.gl/fbAQLP

exports[`Review tests should render without errors 1`] = `
<div
  className="MuiPaper-root-1 MuiPaper-elevation2-5 MuiPaper-rounded-2 review-form-container"
>
  <div
    className="MuiGrid-container-28 MuiGrid-spacing-xs-16-50"
  >
    <div
      className="MuiGrid-item-29 MuiGrid-grid-xs-12-67 navigation"
    >
      <button
        aria-label="back"
        className="MuiButtonBase-root-148 MuiButton-root-124 MuiButton-fab-139 MuiButton-contained-133 MuiButton-containedPrimary-134 MuiButton-raised-136 MuiButton-raisedPrimary-137"
        disabled={false}
        onBlur={[Function]}
        onClick={[Function]}
        onFocus={[Function]}
        onKeyDown={[Function]}
        onKeyUp={[Function]}
        onMouseDown={[Function]}
        onMouseLeave={[Function]}
        onMouseUp={[Function]}
        onTouchEnd={[Function]}
        onTouchMove={[Function]}
        onTouchStart={[Function]}
        tabIndex="0"
        type="button"
      >
        <span
          className="MuiButton-label-125"
        >
          <svg
            aria-hidden="true"
            className="MuiSvgIcon-root-151 icon-back"
            color={undefined}
            focusable="false"
            viewBox="0 0 24 24"
          >
            <g>
              <path
                d="M20 11H7.83l5.59-5.59L12 4l-8 8 8 8 1.41-1.41L7.83 13H20v-2z"
              />
            </g>
          </svg>
        </span>
        <span
          className="MuiTouchRipple-root-158"
        />
      </button>
    </div>
    <div
      className="MuiGrid-item-29 MuiGrid-grid-xs-12-67 MuiGrid-grid-md-3-86 employee-info"
    >
      <div
        className="image-frame"
      >
        <img
          alt="undefined undefined"
          src={undefined}
        />
      </div>
      <h2
        className="MuiTypography-root-165 MuiTypography-title-171"
      >
         
        undefined undefined
         
      </h2>
    </div>
    <div
      className="MuiGrid-item-29 MuiGrid-grid-xs-12-67 MuiGrid-grid-md-9-92 form"
    >
      <form>
        <div
          aria-describedby={undefined}
          className="MuiFormControl-root-189 MuiFormControl-marginNormal-190 MuiFormControl-fullWidth-192"
        >
          <label
            className="MuiFormLabel-root-198 MuiInputLabel-root-193 MuiInputLabel-formControl-194 MuiInputLabel-animated-197"
            data-shrink={false}
            htmlFor="connection"
          >
            How do you know undefined?
          </label>
          <div
            className="MuiInput-root-203 MuiInput-fullWidth-210 MuiInput-formControl-204 MuiInput-underline-207"
          >
            <input
              aria-invalid={false}
              autoComplete={undefined}
              autoFocus={undefined}
              className="MuiInput-input-211"
              defaultValue={undefined}
              disabled={false}
              id="connection"
              name={undefined}
              onBlur={[Function]}
              onChange={[Function]}
              onFocus={[Function]}
              onKeyDown={undefined}
              onKeyUp={undefined}
              placeholder={undefined}
              readOnly={undefined}
              required={undefined}
              rows={undefined}
              type="text"
              value=""
            />
          </div>
        </div>
        <div
          aria-describedby={undefined}
          className="MuiFormControl-root-189 MuiFormControl-marginNormal-190 MuiFormControl-fullWidth-192"
        >
          <label
            className="MuiFormLabel-root-198 MuiInputLabel-root-193 MuiInputLabel-formControl-194 MuiInputLabel-animated-197"
            data-shrink={false}
            htmlFor="feedback"
          >
            What feedback would you like to provide undefined?
          </label>
          <div
            className="MuiInput-root-203 MuiInput-fullWidth-210 MuiInput-formControl-204 MuiInput-multiline-209 MuiInput-underline-207"
          >
            <div
              className="Textarea-root-216"
              style={
                Object {
                  "height": 57,
                }
              }
            >
              <textarea
                aria-hidden="true"
                className="Textarea-shadow-218 Textarea-textarea-217"
                readOnly={true}
                rows="1"
                tabIndex={-1}
                value=""
              />
              <textarea
                aria-hidden="true"
                className="Textarea-shadow-218 Textarea-textarea-217"
                defaultValue={undefined}
                readOnly={true}
                rows={3}
                tabIndex={-1}
                value=""
              />
              <textarea
                aria-invalid={false}
                autoComplete={undefined}
                autoFocus={undefined}
                className="Textarea-textarea-217 MuiInput-input-211 MuiInput-inputMultiline-213"
                defaultValue={undefined}
                disabled={false}
                id="feedback"
                name={undefined}
                onBlur={[Function]}
                onChange={[Function]}
                onFocus={[Function]}
                onKeyDown={undefined}
                onKeyUp={undefined}
                placeholder={undefined}
                readOnly={undefined}
                required={undefined}
                rows={3}
                type="text"
                value=""
              />
            </div>
          </div>
        </div>
        <div
          className="review-action-buttons"
        >
          <button
            className="MuiButtonBase-root-148 MuiButtonBase-disabled-149 MuiButton-root-124 MuiButton-contained-133 MuiButton-containedPrimary-134 MuiButton-raised-136 MuiButton-raisedPrimary-137 MuiButton-disabled-142 button-save"
            disabled={true}
            onBlur={[Function]}
            onClick={[Function]}
            onFocus={[Function]}
            onKeyDown={[Function]}
            onKeyUp={[Function]}
            onMouseDown={[Function]}
            onMouseLeave={[Function]}
            onMouseUp={[Function]}
            onTouchEnd={[Function]}
            onTouchMove={[Function]}
            onTouchStart={[Function]}
            tabIndex="-1"
            type="button"
          >
            <span
              className="MuiButton-label-125"
            >
              <svg
                aria-hidden="true"
                className="MuiSvgIcon-root-151 icon-save"
                color={undefined}
                focusable="false"
                viewBox="0 0 24 24"
              >
                <g>
                  <path
                    d="M17 3H5c-1.11 0-2 .9-2 2v14c0 1.1.89 2 2 2h14c1.1 0 2-.9 2-2V7l-4-4zm-5 16c-1.66 0-3-1.34-3-3s1.34-3 3-3 3 1.34 3 3-1.34 3-3 3zm3-10H5V5h10v4z"
                  />
                </g>
              </svg>
              Save
            </span>
          </button>
          <button
            className="MuiButtonBase-root-148 MuiButtonBase-disabled-149 MuiButton-root-124 MuiButton-contained-133 MuiButton-containedPrimary-134 MuiButton-raised-136 MuiButton-raisedPrimary-137 MuiButton-disabled-142 button-send"
            disabled={true}
            onBlur={[Function]}
            onClick={[Function]}
            onFocus={[Function]}
            onKeyDown={[Function]}
            onKeyUp={[Function]}
            onMouseDown={[Function]}
            onMouseLeave={[Function]}
            onMouseUp={[Function]}
            onTouchEnd={[Function]}
            onTouchMove={[Function]}
            onTouchStart={[Function]}
            tabIndex="-1"
            type="submit"
          >
            <span
              className="MuiButton-label-125"
            >
              Send
              <svg
                aria-hidden="true"
                className="MuiSvgIcon-root-151 icon-send"
                color={undefined}
                focusable="false"
                viewBox="0 0 24 24"
              >
                <g>
                  <path
                    d="M2.01 21L23 12 2.01 3 2 10l15 2-15 2z"
                  />
                </g>
              </svg>
            </span>
          </button>
        </div>
      </form>
    </div>
  </div>
</div>
`;
